// Vitest Snapshot v1, https://vitest.dev/guide/snapshot.html

exports[`ListData component > renders correct number of cards 1`] = `
{
  "asFragment": [Function],
  "baseElement": <body>
    <div>
      <ul
        class="cards"
      >
        <a
          href="/1"
        >
          <li
            class="card"
          >
            <div
              class="card__title"
            >
              Title 1
               
            </div>
            <img
              alt="Title 1"
              src="url1"
            />
          </li>
        </a>
        <a
          href="/2"
        >
          <li
            class="card"
          >
            <div
              class="card__title"
            >
              Title 2
               
            </div>
            <img
              alt="Title 2"
              src="url2"
            />
          </li>
        </a>
      </ul>
    </div>
  </body>,
  "container": <div>
    <ul
      class="cards"
    >
      <a
        href="/1"
      >
        <li
          class="card"
        >
          <div
            class="card__title"
          >
            Title 1
             
          </div>
          <img
            alt="Title 1"
            src="url1"
          />
        </li>
      </a>
      <a
        href="/2"
      >
        <li
          class="card"
        >
          <div
            class="card__title"
          >
            Title 2
             
          </div>
          <img
            alt="Title 2"
            src="url2"
          />
        </li>
      </a>
    </ul>
  </div>,
  "debug": [Function],
  "findAllByAltText": [Function],
  "findAllByDisplayValue": [Function],
  "findAllByLabelText": [Function],
  "findAllByPlaceholderText": [Function],
  "findAllByRole": [Function],
  "findAllByTestId": [Function],
  "findAllByText": [Function],
  "findAllByTitle": [Function],
  "findByAltText": [Function],
  "findByDisplayValue": [Function],
  "findByLabelText": [Function],
  "findByPlaceholderText": [Function],
  "findByRole": [Function],
  "findByTestId": [Function],
  "findByText": [Function],
  "findByTitle": [Function],
  "getAllByAltText": [Function],
  "getAllByDisplayValue": [Function],
  "getAllByLabelText": [Function],
  "getAllByPlaceholderText": [Function],
  "getAllByRole": [Function],
  "getAllByTestId": [Function],
  "getAllByText": [Function],
  "getAllByTitle": [Function],
  "getByAltText": [Function],
  "getByDisplayValue": [Function],
  "getByLabelText": [Function],
  "getByPlaceholderText": [Function],
  "getByRole": [Function],
  "getByTestId": [Function],
  "getByText": [Function],
  "getByTitle": [Function],
  "queryAllByAltText": [Function],
  "queryAllByDisplayValue": [Function],
  "queryAllByLabelText": [Function],
  "queryAllByPlaceholderText": [Function],
  "queryAllByRole": [Function],
  "queryAllByTestId": [Function],
  "queryAllByText": [Function],
  "queryAllByTitle": [Function],
  "queryByAltText": [Function],
  "queryByDisplayValue": [Function],
  "queryByLabelText": [Function],
  "queryByPlaceholderText": [Function],
  "queryByRole": [Function],
  "queryByTestId": [Function],
  "queryByText": [Function],
  "queryByTitle": [Function],
  "rerender": [Function],
  "unmount": [Function],
}
`;
